
> drive-web@0.1.0 dev
> next dev -p 3001

⨯ Failed to start server
Error: listen EADDRINUSE: address already in use :::3001
    at <unknown> (Error: listen EADDRINUSE: address already in use :::3001)
    at new Promise (<anonymous>) {
  code: 'EADDRINUSE',
  errno: -98,
  syscall: 'listen',
  address: '::',
  port: 3001
}
[?25h
npm error Lifecycle script `dev` failed with error:
npm error code 1
npm error path /home/engine/shivai-ecosystem/apps/drive-web
npm error workspace drive-web@0.1.0
npm error location /home/engine/shivai-ecosystem/apps/drive-web
npm error command failed
npm error command sh -c next dev -p 3001
